Microchip MPLAB XC8 Compiler V1.41 ()

Linker command line:

-W-3 --edf=C:\Program Files (x86)\Microchip\xc8\v1.41\dat\en_msgs.txt -cs \
  -h+dist/default/production\acclero.X.production.sym \
  --cmf=dist/default/production\acclero.X.production.cmf -z -Q18F45K22 \
  -oC:\Users\SRIHAR~1\AppData\Local\Temp\s1b8.2 \
  -Mdist/default/production/acclero.X.production.map -E1 -ver=XC8 \
  -ASTACK=060h-05ffh -pstack=STACK -ACODE=00h-07FFFh -ACONST=00h-07FFFh \
  -ASMALLCONST=0600h-06FFhx122 -AMEDIUMCONST=0600h-07FFFh -ACOMRAM=01h-05Fh \
  -AABS1=00h-05FFh -ABIGRAM=01h-05FFh -ARAM=060h-0FFh,0100h-01FFhx5 \
  -ABANK0=060h-0FFh -ABANK1=0100h-01FFh -ABANK2=0200h-02FFh \
  -ABANK3=0300h-03FFh -ABANK4=0400h-04FFh -ABANK5=0500h-05FFh \
  -ASFR=0F38h-0F5Fh,0F60h-0FFFh \
  -preset_vec=00h,intcode,intcodelo,powerup,init -pramtop=0600h \
  -psmallconst=SMALLCONST -pmediumconst=MEDIUMCONST -pconst=CONST \
  -AFARRAM=00h-00h -ACONFIG=0300000h-030000Dh -pconfig=CONFIG \
  -AIDLOC=0200000h-0200007h -pidloc=IDLOC -AEEDATA=0F00000h-0F000FFh \
  -peeprom_data=EEDATA \
  -prdata=COMRAM,nvrram=COMRAM,nvbit=COMRAM,rbss=COMRAM,rbit=COMRAM \
  -pfarbss=FARRAM,fardata=FARRAM,nvFARRAM=FARRAM \
  -pintsave_regs=BIGRAM,bigbss=BIGRAM,bigdata=BIGRAM -pbss=RAM \
  -pidata=CODE,irdata=CODE,ibigdata=CODE,ifardata=CODE -prparam=COMRAM \
  C:\Users\SRIHAR~1\AppData\Local\Temp\s1b8.obj \
  dist/default/production\acclero.X.production.obj 

Object code version is 3.11

Machine type is 18F45K22

Call graph: (short form)




                Name                               Link     Load   Length Selector   Space Scale
C:\Users\SRIHAR~1\AppData\Local\Temp\s1b8.obj
                init                                  0        0        4        0       0
                idloc                            200000   200000        8   200000       0
                config                           300000   300000        E   300000       0
dist/default/production\acclero.X.production.obj
                smallconst                          600      600       12      300       0
                text15                             117E     117E        A      309       0
                text14                             1022     1022       42      309       0
                text13                             114E     114E       16      309       0
                text12                             1136     1136       18      309       0
                text11                             10A2     10A2       32      309       0
                text10                             111E     111E       18      309       0
                text9                              1164     1164       10      309       0
                text8                              1064     1064       3E      309       0
                text7                              10FC     10FC       22      309       0
                text6                               F8E      F8E       52      309       0
                text5                               FE0      FE0       42      309       0
                text4                               612      612      796      309       0
                text3                               E80      E80       BA      309       0
                text2                              10D4     10D4       28      309       0
                text1                               F3A      F3A       54      309       0
                text0                               DA8      DA8       D8      309       0
                cstackCOMRAM                          1        1       25        1       1
                cinit                              1174     1174        A      309       0

TOTAL           Name                               Link     Load   Length     Space
        CLASS   STACK          

        CLASS   CODE           
                init                                  0        0        4         0
                text15                             117E     117E        A         0
                text14                             1022     1022       42         0
                text13                             114E     114E       16         0
                text12                             1136     1136       18         0
                text11                             10A2     10A2       32         0
                text10                             111E     111E       18         0
                text9                              1164     1164       10         0
                text8                              1064     1064       3E         0
                text7                              10FC     10FC       22         0
                text6                               F8E      F8E       52         0
                text5                               FE0      FE0       42         0
                text4                               612      612      796         0
                text3                               E80      E80       BA         0
                text2                              10D4     10D4       28         0
                text1                               F3A      F3A       54         0
                text0                               DA8      DA8       D8         0
                cinit                              1174     1174        A         0

        CLASS   CONST          

        CLASS   SMALLCONST     
                smallconst                          600      600       12         0

        CLASS   MEDIUMCONST    

        CLASS   COMRAM         
                cstackCOMRAM                          1        1       25         1

        CLASS   ABS1           

        CLASS   BIGRAM         

        CLASS   RAM            

        CLASS   BANK0          

        CLASS   BANK1          

        CLASS   BANK2          

        CLASS   BANK3          

        CLASS   BANK4          

        CLASS   BANK5          

        CLASS   SFR            

        CLASS   FARRAM         

        CLASS   CONFIG         
                config                           300000   300000        E         0

        CLASS   IDLOC          
                idloc                            200000   200000        8         0

        CLASS   EEDATA         



SEGMENTS        Name                           Load    Length   Top    Selector   Space  Class

                reset_vec                      000000  000004  000004         0       0  CODE    
                cstackCOMRAM                   000001  000025  000026         1       1  COMRAM  
                smallconst                     000600  000012  000612       300       0  SMALLCON
                text4                          000612  000B76  001188       309       0  CODE    
                idloc                          200000  000008  200008    200000       0  IDLOC   
                config                         300000  00000E  30000E    300000       0  CONFIG  


UNUSED ADDRESS RANGES

        Name                Unused          Largest block    Delta
        BANK0            000060-0000FF               A0
        BANK1            000100-0001FF              100
        BANK2            000200-0002FF              100
        BANK3            000300-0003FF              100
        BANK4            000400-0004FF              100
        BANK5            000500-0005FF              100
        BIGRAM           000026-0005FF              5DA
        CODE             000004-0005FF              5FC
                         001188-007FFF             6E78
        COMRAM           000026-00005F               3A
        CONST            000004-0005FF              5FC
                         001188-007FFF             6E78
        EEDATA           F00000-F000FF              100
        MEDIUMCONST      001188-007FFF             6E78
        RAM              000060-0005FF              100
        SFR              000F38-000FFF               28
        SMALLCONST       001188-007FFF              100
        STACK            000060-0005FF              5A0

                                  Symbol Table

?___lwdiv                 cstackCOMRAM 000001
?___lwmod                 cstackCOMRAM 000001
?_adc_read                cstackCOMRAM 000001
_ADCON0                   (abs)        000FC2
_ADCON0bits               (abs)        000FC2
_ADCON1                   (abs)        000FC1
_ADCON2                   (abs)        000FC0
_ADON                     (abs)        007E10
_ADRES                    (abs)        000FC3
_PORTB                    (abs)        000F81
_PORTBbits                (abs)        000F81
_PORTD                    (abs)        000F83
_TRISB                    (abs)        000F93
_TRISD                    (abs)        000F95
__CFG_BOREN$OFF           (abs)        000000
__CFG_BORV$190            (abs)        000000
__CFG_CCP2MX$PORTC1       (abs)        000000
__CFG_CCP3MX$PORTB5       (abs)        000000
__CFG_CP0$OFF             (abs)        000000
__CFG_CP1$OFF             (abs)        000000
__CFG_CP2$OFF             (abs)        000000
__CFG_CP3$OFF             (abs)        000000
__CFG_CPB$OFF             (abs)        000000
__CFG_CPD$OFF             (abs)        000000
__CFG_EBTR0$OFF           (abs)        000000
__CFG_EBTR1$OFF           (abs)        000000
__CFG_EBTR2$OFF           (abs)        000000
__CFG_EBTR3$OFF           (abs)        000000
__CFG_EBTRB$OFF           (abs)        000000
__CFG_FCMEN$OFF           (abs)        000000
__CFG_FOSC$HSMP           (abs)        000000
__CFG_HFOFST$OFF          (abs)        000000
__CFG_IESO$OFF            (abs)        000000
__CFG_LVP$OFF             (abs)        000000
__CFG_MCLRE$EXTMCLR       (abs)        000000
__CFG_P2BMX$PORTC0        (abs)        000000
__CFG_PBADEN$OFF          (abs)        000000
__CFG_PLLCFG$OFF          (abs)        000000
__CFG_PRICLKEN$OFF        (abs)        000000
__CFG_PWRTEN$OFF          (abs)        000000
__CFG_STVREN$OFF          (abs)        000000
__CFG_T3CMX$PORTC0        (abs)        000000
__CFG_WDTEN$OFF           (abs)        000000
__CFG_WDTPS$32768         (abs)        000000
__CFG_WRT0$OFF            (abs)        000000
__CFG_WRT1$OFF            (abs)        000000
__CFG_WRT2$OFF            (abs)        000000
__CFG_WRT3$OFF            (abs)        000000
__CFG_WRTB$OFF            (abs)        000000
__CFG_WRTC$OFF            (abs)        000000
__CFG_WRTD$OFF            (abs)        000000
__CFG_XINST$OFF           (abs)        000000
__HRAM                    (abs)        000000
__Habs1                   abs1         000000
__Hbank0                  bank0        000000
__Hbank1                  bank1        000000
__Hbank2                  bank2        000000
__Hbank3                  bank3        000000
__Hbank4                  bank4        000000
__Hbank5                  bank5        000000
__Hbigbss                 bigbss       000000
__Hbigdata                bigdata      000000
__Hbigram                 bigram       000000
__Hbss                    bss          000000
__Hcinit                  cinit        000000
__Hclrtext                clrtext      000000
__Hcomram                 comram       000000
__Hconfig                 config       30000E
__Hconst                  const        000000
__HcstackCOMRAM           cstackCOMRAM 000000
__Hdata                   data         000000
__Heeprom_data            eeprom_data  000000
__Hfarbss                 farbss       000000
__Hfardata                fardata      000000
__Hibigdata               ibigdata     000000
__Hidata                  idata        000000
__Hidloc                  idloc        200008
__Hifardata               ifardata     000000
__Hinit                   init         000004
__Hintcode                intcode      000000
__Hintcode_body           intcode_body 000000
__Hintcodelo              intcodelo    000000
__Hintentry               intentry     000000
__Hintret                 intret       000000
__Hintsave_regs           intsave_regs 000000
__Hirdata                 irdata       000000
__Hmediumconst            mediumconst  000000
__HnvFARRAM               nvFARRAM     000000
__Hnvbit                  nvbit        000000
__Hnvrram                 nvrram       000000
__Hparam                  rparam       000000
__Hpowerup                powerup      000000
__Hram                    ram          000000
__Hramtop                 ramtop       000600
__Hrbit                   rbit         000000
__Hrbss                   rbss         000000
__Hrdata                  rdata        000000
__Hreset_vec              reset_vec    000000
__Hrparam                 rparam       000000
__Hsfr                    sfr          000000
__Hsmallconst             smallconst   000612
__Hspace_0                (abs)        30000E
__Hspace_1                (abs)        000026
__Hspace_2                (abs)        000000
__Hstack                  stack        000000
__Hstruct                 struct       000000
__Htemp                   temp         000000
__Htext                   text         000000
__Htext0                  text0        000000
__Htext1                  text1        000000
__Htext10                 text10       000000
__Htext11                 text11       000000
__Htext12                 text12       000000
__Htext13                 text13       000000
__Htext14                 text14       000000
__Htext15                 text15       000000
__Htext2                  text2        000000
__Htext3                  text3        000000
__Htext4                  text4        000000
__Htext5                  text5        000000
__Htext6                  text6        000000
__Htext7                  text7        000000
__Htext8                  text8        000000
__Htext9                  text9        000000
__LRAM                    (abs)        000001
__Labs1                   abs1         000000
__Lbank0                  bank0        000000
__Lbank1                  bank1        000000
__Lbank2                  bank2        000000
__Lbank3                  bank3        000000
__Lbank4                  bank4        000000
__Lbank5                  bank5        000000
__Lbigbss                 bigbss       000000
__Lbigdata                bigdata      000000
__Lbigram                 bigram       000000
__Lbss                    bss          000000
__Lcinit                  cinit        000000
__Lclrtext                clrtext      000000
__Lcomram                 comram       000000
__Lconfig                 config       300000
__Lconst                  const        000000
__LcstackCOMRAM           cstackCOMRAM 000000
__Ldata                   data         000000
__Leeprom_data            eeprom_data  000000
__Lfarbss                 farbss       000000
__Lfardata                fardata      000000
__Libigdata               ibigdata     000000
__Lidata                  idata        000000
__Lidloc                  idloc        200000
__Lifardata               ifardata     000000
__Linit                   init         000000
__Lintcode                intcode      000000
__Lintcode_body           intcode_body 000000
__Lintcodelo              intcodelo    000000
__Lintentry               intentry     000000
__Lintret                 intret       000000
__Lintsave_regs           intsave_regs 000000
__Lirdata                 irdata       000000
__Lmediumconst            mediumconst  000000
__LnvFARRAM               nvFARRAM     000000
__Lnvbit                  nvbit        000000
__Lnvrram                 nvrram       000000
__Lparam                  rparam       000000
__Lpowerup                powerup      000000
__Lram                    ram          000000
__Lramtop                 ramtop       000600
__Lrbit                   rbit         000000
__Lrbss                   rbss         000000
__Lrdata                  rdata        000000
__Lreset_vec              reset_vec    000000
__Lrparam                 rparam       000000
__Lsfr                    sfr          000000
__Lsmallconst             smallconst   000600
__Lspace_0                (abs)        000000
__Lspace_1                (abs)        000000
__Lspace_2                (abs)        000000
__Lstack                  stack        000000
__Lstruct                 struct       000000
__Ltemp                   temp         000000
__Ltext                   text         000000
__Ltext0                  text0        000000
__Ltext1                  text1        000000
__Ltext10                 text10       000000
__Ltext11                 text11       000000
__Ltext12                 text12       000000
__Ltext13                 text13       000000
__Ltext14                 text14       000000
__Ltext15                 text15       000000
__Ltext2                  text2        000000
__Ltext3                  text3        000000
__Ltext4                  text4        000000
__Ltext5                  text5        000000
__Ltext6                  text6        000000
__Ltext7                  text7        000000
__Ltext8                  text8        000000
__Ltext9                  text9        000000
__S0                      (abs)        30000E
__S1                      (abs)        000026
__S2                      (abs)        000000
___inthi_sp               stack        000000
___intlo_sp               stack        000000
___lwdiv                  text6        000F8E
___lwdiv@counter          cstackCOMRAM 000007
___lwdiv@dividend         cstackCOMRAM 000001
___lwdiv@divisor          cstackCOMRAM 000003
___lwdiv@quotient         cstackCOMRAM 000005
___lwmod                  text5        000FE0
___lwmod@counter          cstackCOMRAM 000005
___lwmod@dividend         cstackCOMRAM 000001
___lwmod@divisor          cstackCOMRAM 000003
___param_bank             (abs)        000000
___rparam_used            (abs)        000001
___sp                     stack        000000
__accesstop               (abs)        000060
__activetblptr            (abs)        000002
__end_of___lwdiv          text6        000FE0
__end_of___lwmod          text5        001022
__end_of__initialization  cinit        001174
__end_of_adc_init         text15       001188
__end_of_adc_read         text14       001064
__end_of_enable_pulse     text13       001164
__end_of_glcd_clear       text7        00111E
__end_of_glcd_clear_line  text8        0010A2
__end_of_glcd_num         text3        000F3A
__end_of_glcd_on          text2        0010FC
__end_of_glcd_string      text1        000F8E
__end_of_glcd_text        text4        000DA8
__end_of_glcd_write       text12       00114E
__end_of_goto_col         text11       0010D4
__end_of_goto_row         text10       001136
__end_of_goto_xy          text9        001174
__end_of_main             text0        000E80
__initialization          cinit        001174
__mediumconst             mediumconst  000000
__pcinit                  cinit        001174
__pcstackCOMRAM           cstackCOMRAM 000001
__psmallconst             smallconst   000600
__ptext0                  text0        000DA8
__ptext1                  text1        000F3A
__ptext10                 text10       00111E
__ptext11                 text11       0010A2
__ptext12                 text12       001136
__ptext13                 text13       00114E
__ptext14                 text14       001022
__ptext15                 text15       00117E
__ptext2                  text2        0010D4
__ptext3                  text3        000E80
__ptext4                  text4        000612
__ptext5                  text5        000FE0
__ptext6                  text6        000F8E
__ptext7                  text7        0010FC
__ptext8                  text8        001064
__ptext9                  text9        001164
__ramtop                  ramtop       000600
__size_of___lwdiv         (abs)        000000
__size_of___lwmod         (abs)        000000
__size_of_adc_init        (abs)        000000
__size_of_adc_read        (abs)        000000
__size_of_enable_pulse    (abs)        000000
__size_of_glcd_clear      (abs)        000000
__size_of_glcd_clear_line (abs)        000000
__size_of_glcd_num        (abs)        000000
__size_of_glcd_on         (abs)        000000
__size_of_glcd_string     (abs)        000000
__size_of_glcd_text       (abs)        000000
__size_of_glcd_write      (abs)        000000
__size_of_goto_col        (abs)        000000
__size_of_goto_row        (abs)        000000
__size_of_goto_xy         (abs)        000000
__size_of_main            (abs)        000000
__smallconst              smallconst   000600
_adc_init                 text15       00117E
_adc_read                 text14       001022
_enable_pulse             text13       00114E
_glcd_clear               text7        0010FC
_glcd_clear_line          text8        001064
_glcd_num                 text3        000E80
_glcd_on                  text2        0010D4
_glcd_string              text1        000F3A
_glcd_text                text4        000612
_glcd_write               text12       001136
_goto_col                 text11       0010A2
_goto_row                 text10       00111E
_goto_xy                  text9        001164
_main                     text0        000DA8
adc_read@channel          cstackCOMRAM 000004
end_of_initialization     cinit        001174
glcd_clear@m              cstackCOMRAM 000008
glcd_clear_line@i         cstackCOMRAM 000006
glcd_clear_line@ln        cstackCOMRAM 000005
glcd_num@i                cstackCOMRAM 00001C
glcd_num@j                cstackCOMRAM 00001D
glcd_num@num              cstackCOMRAM 000008
glcd_num@number           cstackCOMRAM 00000C
glcd_string@i             cstackCOMRAM 000007
glcd_string@str           cstackCOMRAM 000003
glcd_text@text            cstackCOMRAM 000002
glcd_write@data           cstackCOMRAM 000001
goto_col@Col_Data         cstackCOMRAM 000001
goto_col@col              cstackCOMRAM 000002
goto_row@Col_Data         cstackCOMRAM 000002
goto_row@row              cstackCOMRAM 000001
goto_xy@x                 cstackCOMRAM 000004
goto_xy@y                 cstackCOMRAM 000003
intlevel0                 text         000000
intlevel1                 text         000000
intlevel2                 text         000000
intlevel3                 text         000000
main@x                    cstackCOMRAM 000020
main@y                    cstackCOMRAM 000022
main@z                    cstackCOMRAM 000024
stackhi                   (abs)        0005FF
stacklo                   (abs)        000060
start                     init         000000
start_initialization      cinit        001174


FUNCTION INFORMATION:

 *************** function _main *****************
 Defined at:
		line 16 in file "acclero.c"
 Parameters:    Size  Location     Type
		None
 Auto vars:     Size  Location     Type
  z               2   35[COMRAM] unsigned int 
  y               2   33[COMRAM] unsigned int 
  x               2   31[COMRAM] unsigned int 
 Return value:  Size  Location     Type
                  1    wreg      void 
 Registers used:
		wreg, fsr2l, fsr2h, status,2, status,0, tblptrl, tblptrh, tblptru, prodl, prodh, cstack
 Tracked objects:
		On entry : 
		On exit  : 
		Unchanged: 
 Data sizes:     COMRAM   BANK0   BANK1   BANK2   BANK3   BANK4   BANK5
      Params:         0       0       0       0       0       0       0
      Locals:         6       0       0       0       0       0       0
      Temps:          2       0       0       0       0       0       0
      Totals:         8       0       0       0       0       0       0
Total ram usage:        8 bytes
 Hardware stack levels required when called:    5
 This function calls:
		_adc_init
		_adc_read
		_glcd_clear
		_glcd_num
		_glcd_on
		_glcd_string
		_goto_xy
 This function is called by:
		Startup code after reset
 This function uses a non-reentrant model


 *************** function _glcd_string *****************
 Defined at:
		line 625 in file "C:\Program Files (x86)\Microchip\xc8\v1.41\include\Custom_Headers/glcd.h"
 Parameters:    Size  Location     Type
  str             2    2[COMRAM] PTR unsigned char 
		 -> STR_3(5), STR_2(5), STR_1(5), 
 Auto vars:     Size  Location     Type
  i               1    6[COMRAM] unsigned char 
 Return value:  Size  Location     Type
                  1    wreg      void 
 Registers used:
		wreg, status,2, status,0, tblptrl, tblptrh, tblptru, prodl, prodh, cstack
 Tracked objects:
		On entry : 
		On exit  : 
		Unchanged: 
 Data sizes:     COMRAM   BANK0   BANK1   BANK2   BANK3   BANK4   BANK5
      Params:         2       0       0       0       0       0       0
      Locals:         1       0       0       0       0       0       0
      Temps:          2       0       0       0       0       0       0
      Totals:         5       0       0       0       0       0       0
Total ram usage:        5 bytes
 Hardware stack levels used:    1
 Hardware stack levels required when called:    3
 This function calls:
		_glcd_text
 This function is called by:
		_main
 This function uses a non-reentrant model


 *************** function _glcd_on *****************
 Defined at:
		line 63 in file "C:\Program Files (x86)\Microchip\xc8\v1.41\include\Custom_Headers/glcd.h"
 Parameters:    Size  Location     Type
		None
 Auto vars:     Size  Location     Type
		None
 Return value:  Size  Location     Type
                  1    wreg      void 
 Registers used:
		wreg, status,2, cstack
 Tracked objects:
		On entry : 
		On exit  : 
		Unchanged: 
 Data sizes:     COMRAM   BANK0   BANK1   BANK2   BANK3   BANK4   BANK5
      Params:         0       0       0       0       0       0       0
      Locals:         0       0       0       0       0       0       0
      Temps:          0       0       0       0       0       0       0
      Totals:         0       0       0       0       0       0       0
Total ram usage:        0 bytes
 Hardware stack levels used:    1
 Hardware stack levels required when called:    1
 This function calls:
		_enable_pulse
 This function is called by:
		_main
 This function uses a non-reentrant model


 *************** function _glcd_num *****************
 Defined at:
		line 603 in file "C:\Program Files (x86)\Microchip\xc8\v1.41\include\Custom_Headers/glcd.h"
 Parameters:    Size  Location     Type
  num             2    7[COMRAM] unsigned int 
 Auto vars:     Size  Location     Type
  number         16   11[COMRAM] unsigned char [16]
  j               1   28[COMRAM] unsigned char 
  i               1   27[COMRAM] unsigned char 
 Return value:  Size  Location     Type
                  1    wreg      void 
 Registers used:
		wreg, fsr2l, fsr2h, status,2, status,0, prodl, prodh, cstack
 Tracked objects:
		On entry : 
		On exit  : 
		Unchanged: 
 Data sizes:     COMRAM   BANK0   BANK1   BANK2   BANK3   BANK4   BANK5
      Params:         2       0       0       0       0       0       0
      Locals:        18       0       0       0       0       0       0
      Temps:          2       0       0       0       0       0       0
      Totals:        22       0       0       0       0       0       0
Total ram usage:       22 bytes
 Hardware stack levels used:    1
 Hardware stack levels required when called:    3
 This function calls:
		___lwdiv
		___lwmod
		_glcd_text
 This function is called by:
		_main
 This function uses a non-reentrant model


 *************** function _glcd_text *****************
 Defined at:
		line 201 in file "C:\Program Files (x86)\Microchip\xc8\v1.41\include\Custom_Headers/glcd.h"
 Parameters:    Size  Location     Type
  text            1    wreg     unsigned char 
 Auto vars:     Size  Location     Type
  text            1    1[COMRAM] unsigned char 
 Return value:  Size  Location     Type
                  1    wreg      void 
 Registers used:
		wreg, status,2, status,0, cstack
 Tracked objects:
		On entry : 
		On exit  : 
		Unchanged: 
 Data sizes:     COMRAM   BANK0   BANK1   BANK2   BANK3   BANK4   BANK5
      Params:         0       0       0       0       0       0       0
      Locals:         1       0       0       0       0       0       0
      Temps:          0       0       0       0       0       0       0
      Totals:         1       0       0       0       0       0       0
Total ram usage:        1 bytes
 Hardware stack levels used:    1
 Hardware stack levels required when called:    2
 This function calls:
		_glcd_write
 This function is called by:
		_glcd_num
		_glcd_string
 This function uses a non-reentrant model


 *************** function ___lwmod *****************
 Defined at:
		line 8 in file "C:\Program Files (x86)\Microchip\xc8\v1.41\sources\common\lwmod.c"
 Parameters:    Size  Location     Type
  dividend        2    0[COMRAM] unsigned int 
  divisor         2    2[COMRAM] unsigned int 
 Auto vars:     Size  Location     Type
  counter         1    4[COMRAM] unsigned char 
 Return value:  Size  Location     Type
                  2    0[COMRAM] unsigned int 
 Registers used:
		wreg, status,2, status,0
 Tracked objects:
		On entry : 
		On exit  : 
		Unchanged: 
 Data sizes:     COMRAM   BANK0   BANK1   BANK2   BANK3   BANK4   BANK5
      Params:         4       0       0       0       0       0       0
      Locals:         1       0       0       0       0       0       0
      Temps:          0       0       0       0       0       0       0
      Totals:         5       0       0       0       0       0       0
Total ram usage:        5 bytes
 Hardware stack levels used:    1
 This function calls:
		Nothing
 This function is called by:
		_glcd_num
 This function uses a non-reentrant model


 *************** function ___lwdiv *****************
 Defined at:
		line 8 in file "C:\Program Files (x86)\Microchip\xc8\v1.41\sources\common\lwdiv.c"
 Parameters:    Size  Location     Type
  dividend        2    0[COMRAM] unsigned int 
  divisor         2    2[COMRAM] unsigned int 
 Auto vars:     Size  Location     Type
  quotient        2    4[COMRAM] unsigned int 
  counter         1    6[COMRAM] unsigned char 
 Return value:  Size  Location     Type
                  2    0[COMRAM] unsigned int 
 Registers used:
		wreg, status,2, status,0
 Tracked objects:
		On entry : 
		On exit  : 
		Unchanged: 
 Data sizes:     COMRAM   BANK0   BANK1   BANK2   BANK3   BANK4   BANK5
      Params:         4       0       0       0       0       0       0
      Locals:         3       0       0       0       0       0       0
      Temps:          0       0       0       0       0       0       0
      Totals:         7       0       0       0       0       0       0
Total ram usage:        7 bytes
 Hardware stack levels used:    1
 This function calls:
		Nothing
 This function is called by:
		_glcd_num
 This function uses a non-reentrant model


 *************** function _glcd_clear *****************
 Defined at:
		line 150 in file "C:\Program Files (x86)\Microchip\xc8\v1.41\include\Custom_Headers/glcd.h"
 Parameters:    Size  Location     Type
		None
 Auto vars:     Size  Location     Type
  m               2    7[COMRAM] unsigned short 
 Return value:  Size  Location     Type
                  1    wreg      void 
 Registers used:
		wreg, status,2, status,0, cstack
 Tracked objects:
		On entry : 
		On exit  : 
		Unchanged: 
 Data sizes:     COMRAM   BANK0   BANK1   BANK2   BANK3   BANK4   BANK5
      Params:         0       0       0       0       0       0       0
      Locals:         2       0       0       0       0       0       0
      Temps:          0       0       0       0       0       0       0
      Totals:         2       0       0       0       0       0       0
Total ram usage:        2 bytes
 Hardware stack levels used:    1
 Hardware stack levels required when called:    4
 This function calls:
		_glcd_clear_line
 This function is called by:
		_main
 This function uses a non-reentrant model


 *************** function _glcd_clear_line *****************
 Defined at:
		line 140 in file "C:\Program Files (x86)\Microchip\xc8\v1.41\include\Custom_Headers/glcd.h"
 Parameters:    Size  Location     Type
  ln              1    wreg     unsigned char 
 Auto vars:     Size  Location     Type
  ln              1    4[COMRAM] unsigned char 
  i               2    5[COMRAM] int 
 Return value:  Size  Location     Type
                  1    wreg      void 
 Registers used:
		wreg, status,2, status,0, cstack
 Tracked objects:
		On entry : 
		On exit  : 
		Unchanged: 
 Data sizes:     COMRAM   BANK0   BANK1   BANK2   BANK3   BANK4   BANK5
      Params:         0       0       0       0       0       0       0
      Locals:         3       0       0       0       0       0       0
      Temps:          0       0       0       0       0       0       0
      Totals:         3       0       0       0       0       0       0
Total ram usage:        3 bytes
 Hardware stack levels used:    1
 Hardware stack levels required when called:    3
 This function calls:
		_glcd_write
		_goto_xy
 This function is called by:
		_glcd_clear
 This function uses a non-reentrant model


 *************** function _goto_xy *****************
 Defined at:
		line 125 in file "C:\Program Files (x86)\Microchip\xc8\v1.41\include\Custom_Headers/glcd.h"
 Parameters:    Size  Location     Type
  x               1    wreg     unsigned char 
  y               1    2[COMRAM] unsigned char 
 Auto vars:     Size  Location     Type
  x               1    3[COMRAM] unsigned char 
 Return value:  Size  Location     Type
                  1    wreg      void 
 Registers used:
		wreg, status,2, status,0, cstack
 Tracked objects:
		On entry : 
		On exit  : 
		Unchanged: 
 Data sizes:     COMRAM   BANK0   BANK1   BANK2   BANK3   BANK4   BANK5
      Params:         1       0       0       0       0       0       0
      Locals:         1       0       0       0       0       0       0
      Temps:          0       0       0       0       0       0       0
      Totals:         2       0       0       0       0       0       0
Total ram usage:        2 bytes
 Hardware stack levels used:    1
 Hardware stack levels required when called:    2
 This function calls:
		_goto_col
		_goto_row
 This function is called by:
		_glcd_clear_line
		_main
		_glcd_draw_pixel
 This function uses a non-reentrant model


 *************** function _goto_row *****************
 Defined at:
		line 115 in file "C:\Program Files (x86)\Microchip\xc8\v1.41\include\Custom_Headers/glcd.h"
 Parameters:    Size  Location     Type
  row             1    wreg     unsigned char 
 Auto vars:     Size  Location     Type
  row             1    0[COMRAM] unsigned char 
  Col_Data        1    1[COMRAM] unsigned char 
 Return value:  Size  Location     Type
                  1    wreg      void 
 Registers used:
		wreg, status,2, status,0, cstack
 Tracked objects:
		On entry : 
		On exit  : 
		Unchanged: 
 Data sizes:     COMRAM   BANK0   BANK1   BANK2   BANK3   BANK4   BANK5
      Params:         0       0       0       0       0       0       0
      Locals:         2       0       0       0       0       0       0
      Temps:          0       0       0       0       0       0       0
      Totals:         2       0       0       0       0       0       0
Total ram usage:        2 bytes
 Hardware stack levels used:    1
 Hardware stack levels required when called:    1
 This function calls:
		_enable_pulse
 This function is called by:
		_goto_xy
 This function uses a non-reentrant model


 *************** function _goto_col *****************
 Defined at:
		line 92 in file "C:\Program Files (x86)\Microchip\xc8\v1.41\include\Custom_Headers/glcd.h"
 Parameters:    Size  Location     Type
  col             1    wreg     unsigned char 
 Auto vars:     Size  Location     Type
  col             1    1[COMRAM] unsigned char 
  Col_Data        1    0[COMRAM] unsigned char 
 Return value:  Size  Location     Type
                  1    wreg      void 
 Registers used:
		wreg, status,2, status,0, cstack
 Tracked objects:
		On entry : 
		On exit  : 
		Unchanged: 
 Data sizes:     COMRAM   BANK0   BANK1   BANK2   BANK3   BANK4   BANK5
      Params:         0       0       0       0       0       0       0
      Locals:         2       0       0       0       0       0       0
      Temps:          0       0       0       0       0       0       0
      Totals:         2       0       0       0       0       0       0
Total ram usage:        2 bytes
 Hardware stack levels used:    1
 Hardware stack levels required when called:    1
 This function calls:
		_enable_pulse
 This function is called by:
		_goto_xy
 This function uses a non-reentrant model


 *************** function _glcd_write *****************
 Defined at:
		line 131 in file "C:\Program Files (x86)\Microchip\xc8\v1.41\include\Custom_Headers/glcd.h"
 Parameters:    Size  Location     Type
  data            1    wreg     unsigned char 
 Auto vars:     Size  Location     Type
  data            1    0[COMRAM] unsigned char 
 Return value:  Size  Location     Type
                  1    wreg      void 
 Registers used:
		wreg, status,2, cstack
 Tracked objects:
		On entry : 
		On exit  : 
		Unchanged: 
 Data sizes:     COMRAM   BANK0   BANK1   BANK2   BANK3   BANK4   BANK5
      Params:         0       0       0       0       0       0       0
      Locals:         1       0       0       0       0       0       0
      Temps:          0       0       0       0       0       0       0
      Totals:         1       0       0       0       0       0       0
Total ram usage:        1 bytes
 Hardware stack levels used:    1
 Hardware stack levels required when called:    1
 This function calls:
		_enable_pulse
 This function is called by:
		_glcd_clear_line
		_glcd_text
		_glcd_draw_pixel
 This function uses a non-reentrant model


 *************** function _enable_pulse *****************
 Defined at:
		line 55 in file "C:\Program Files (x86)\Microchip\xc8\v1.41\include\Custom_Headers/glcd.h"
 Parameters:    Size  Location     Type
		None
 Auto vars:     Size  Location     Type
		None
 Return value:  Size  Location     Type
                  1    wreg      void 
 Registers used:
		wreg
 Tracked objects:
		On entry : 
		On exit  : 
		Unchanged: 
 Data sizes:     COMRAM   BANK0   BANK1   BANK2   BANK3   BANK4   BANK5
      Params:         0       0       0       0       0       0       0
      Locals:         0       0       0       0       0       0       0
      Temps:          0       0       0       0       0       0       0
      Totals:         0       0       0       0       0       0       0
Total ram usage:        0 bytes
 Hardware stack levels used:    1
 This function calls:
		Nothing
 This function is called by:
		_glcd_on
		_goto_col
		_goto_row
		_glcd_write
		_set_start_line
 This function uses a non-reentrant model


 *************** function _adc_read *****************
 Defined at:
		line 11 in file "C:\Program Files (x86)\Microchip\xc8\v1.41\include\Custom_Headers/adc45k22.h"
 Parameters:    Size  Location     Type
  channel         1    wreg     unsigned char 
 Auto vars:     Size  Location     Type
  channel         1    3[COMRAM] unsigned char 
 Return value:  Size  Location     Type
                  2    0[COMRAM] unsigned int 
 Registers used:
		wreg, status,2, status,0
 Tracked objects:
		On entry : 
		On exit  : 
		Unchanged: 
 Data sizes:     COMRAM   BANK0   BANK1   BANK2   BANK3   BANK4   BANK5
      Params:         2       0       0       0       0       0       0
      Locals:         1       0       0       0       0       0       0
      Temps:          1       0       0       0       0       0       0
      Totals:         4       0       0       0       0       0       0
Total ram usage:        4 bytes
 Hardware stack levels used:    1
 This function calls:
		Nothing
 This function is called by:
		_main
 This function uses a non-reentrant model


 *************** function _adc_init *****************
 Defined at:
		line 5 in file "C:\Program Files (x86)\Microchip\xc8\v1.41\include\Custom_Headers/adc45k22.h"
 Parameters:    Size  Location     Type
		None
 Auto vars:     Size  Location     Type
		None
 Return value:  Size  Location     Type
                  1    wreg      void 
 Registers used:
		wreg, status,2
 Tracked objects:
		On entry : 
		On exit  : 
		Unchanged: 
 Data sizes:     COMRAM   BANK0   BANK1   BANK2   BANK3   BANK4   BANK5
      Params:         0       0       0       0       0       0       0
      Locals:         0       0       0       0       0       0       0
      Temps:          0       0       0       0       0       0       0
      Totals:         0       0       0       0       0       0       0
Total ram usage:        0 bytes
 Hardware stack levels used:    1
 This function calls:
		Nothing
 This function is called by:
		_main
 This function uses a non-reentrant model



MODULE INFORMATION

Module		Function		Class		Link	Load	Size
C:\Program Files (x86)\Microchip\xc8\v1.41\sources\common\lwdiv.c
		___lwdiv       		CODE           	0F8E	0000	83

C:\Program Files (x86)\Microchip\xc8\v1.41\sources\common\lwdiv.c estimated size: 83

C:\Program Files (x86)\Microchip\xc8\v1.41\include\Custom_Headers/adc45k22.h
		_adc_read      		CODE           	1022	0000	67
		_adc_init      		CODE           	117E	0000	11

C:\Program Files (x86)\Microchip\xc8\v1.41\include\Custom_Headers/adc45k22.h estimated size: 78

acclero.c
		_main          		CODE           	0DA8	0000	217

acclero.c estimated size: 217

shared
		__initialization		CODE           	1174	0000	1

shared estimated size: 1

C:\Program Files (x86)\Microchip\xc8\v1.41\sources\common\lwmod.c
		___lwmod       		CODE           	0FE0	0000	67

C:\Program Files (x86)\Microchip\xc8\v1.41\sources\common\lwmod.c estimated size: 67

C:\Program Files (x86)\Microchip\xc8\v1.41\include\Custom_Headers/glcd.h
		_goto_row      		CODE           	111E	0000	25
		_glcd_num      		CODE           	0E80	0000	187
		_glcd_clear    		CODE           	10FC	0000	35
		_glcd_write    		CODE           	1136	0000	25
		_glcd_text     		CODE           	0612	0000	1943
		_glcd_string   		CODE           	0F3A	0000	85
		_glcd_on       		CODE           	10D4	0000	41
		_glcd_clear_line		CODE           	1064	0000	63
		_goto_col      		CODE           	10A2	0000	51
		_enable_pulse  		CODE           	114E	0000	23
		_goto_xy       		CODE           	1164	0000	17

C:\Program Files (x86)\Microchip\xc8\v1.41\include\Custom_Headers/glcd.h estimated size: 2495

